{
  "version": "1.5.0",
  "plugins_used": [
    {
      "name": "ArtifactoryDetector"
    },
    {
      "name": "AWSKeyDetector"
    },
    {
      "name": "AzureStorageKeyDetector"
    },
    {
      "name": "Base64HighEntropyString",
      "limit": 4.5
    },
    {
      "name": "BasicAuthDetector"
    },
    {
      "name": "CloudantDetector"
    },
    {
      "name": "DiscordBotTokenDetector"
    },
    {
      "name": "GitHubTokenDetector"
    },
    {
      "name": "GitLabTokenDetector"
    },
    {
      "name": "HexHighEntropyString",
      "limit": 3.0
    },
    {
      "name": "IbmCloudIamDetector"
    },
    {
      "name": "IbmCosHmacDetector"
    },
    {
      "name": "IPPublicDetector"
    },
    {
      "name": "JwtTokenDetector"
    },
    {
      "name": "KeywordDetector",
      "keyword_exclude": ""
    },
    {
      "name": "MailchimpDetector"
    },
    {
      "name": "NpmDetector"
    },
    {
      "name": "OpenAIDetector"
    },
    {
      "name": "PrivateKeyDetector"
    },
    {
      "name": "PypiTokenDetector"
    },
    {
      "name": "SendGridDetector"
    },
    {
      "name": "SlackDetector"
    },
    {
      "name": "SoftlayerDetector"
    },
    {
      "name": "SquareOAuthDetector"
    },
    {
      "name": "StripeDetector"
    },
    {
      "name": "TelegramBotTokenDetector"
    },
    {
      "name": "TwilioKeyDetector"
    }
  ],
  "filters_used": [
    {
      "path": "detect_secrets.filters.allowlist.is_line_allowlisted"
    },
    {
      "path": "detect_secrets.filters.heuristic.is_indirect_reference"
    },
    {
      "path": "detect_secrets.filters.heuristic.is_likely_id_string"
    },
    {
      "path": "detect_secrets.filters.heuristic.is_lock_file"
    },
    {
      "path": "detect_secrets.filters.heuristic.is_not_alphanumeric_string"
    },
    {
      "path": "detect_secrets.filters.heuristic.is_potential_uuid"
    },
    {
      "path": "detect_secrets.filters.heuristic.is_prefixed_with_dollar_sign"
    },
    {
      "path": "detect_secrets.filters.heuristic.is_sequential_string"
    },
    {
      "path": "detect_secrets.filters.heuristic.is_swagger_file"
    },
    {
      "path": "detect_secrets.filters.heuristic.is_templated_secret"
    },
    {
      "path": "detect_secrets.filters.regex.should_exclude_file",
      "pattern": [
        "uv\\.lock",
        "\\.venv/",
        "tests/fixtures/",
        "\\.git/",
        "\\.secrets\\.baseline",
        "\\.github/workflows/.*\\.ya?ml"
      ]
    }
  ],
  "results": {
    ".env.example": [
      {
        "type": "Basic Auth Credentials",
        "filename": ".env.example",
        "hashed_secret": "5baa61e4c9b93f3f0682250b6cf8331b7ee68fd8",
        "is_verified": false,
        "line_number": 23
      }
    ],
    "CHANGELOG.md": [
      {
        "type": "Basic Auth Credentials",
        "filename": "CHANGELOG.md",
        "hashed_secret": "9d4e1e23bd5b727046a9e3b4b7db57bd8d6ee684",
        "is_verified": false,
        "line_number": 312
      }
    ],
    "docker-compose.prod.yml": [
      {
        "type": "Secret Keyword",
        "filename": "docker-compose.prod.yml",
        "hashed_secret": "e7ba486e94bc76a925736f61e790ef0c070ad7fd",
        "is_verified": false,
        "line_number": 11
      },
      {
        "type": "Secret Keyword",
        "filename": "docker-compose.prod.yml",
        "hashed_secret": "85bc4d403a47df9ecbc4d8bb8e8720c1a0c6b183",
        "is_verified": false,
        "line_number": 13
      },
      {
        "type": "Secret Keyword",
        "filename": "docker-compose.prod.yml",
        "hashed_secret": "270cd093e84e0a12b03c1c9ee274eb2f962ae922",
        "is_verified": false,
        "line_number": 14
      }
    ],
    "scripts/validation/validate_secrets.py": [
      {
        "type": "Secret Keyword",
        "filename": "scripts/validation/validate_secrets.py",
        "hashed_secret": "4ad583af22c2e7d40c1c916b2920299155a46464",
        "is_verified": false,
        "line_number": 321
      }
    ],
    "src/omnimemory/models/config/model_postgres_config.py": [
      {
        "type": "Basic Auth Credentials",
        "filename": "src/omnimemory/models/config/model_postgres_config.py",
        "hashed_secret": "9d4e1e23bd5b727046a9e3b4b7db57bd8d6ee684",
        "is_verified": false,
        "line_number": 40
      }
    ],
    "src/omnimemory/models/utils/model_pii_type.py": [
      {
        "type": "Secret Keyword",
        "filename": "src/omnimemory/models/utils/model_pii_type.py",
        "hashed_secret": "665b1e3851eefefa3fb878654292f16597d25155",
        "is_verified": false,
        "line_number": 42
      },
      {
        "type": "Secret Keyword",
        "filename": "src/omnimemory/models/utils/model_pii_type.py",
        "hashed_secret": "6e4cd801621ce24c3604124403bca62a53969fa5",
        "is_verified": false,
        "line_number": 43
      }
    ],
    "src/omnimemory/protocols/data_models.py": [
      {
        "type": "Secret Keyword",
        "filename": "src/omnimemory/protocols/data_models.py",
        "hashed_secret": "e5e9fa1ba31ecd1ae84f75caaa474f3a663f05f4",
        "is_verified": false,
        "line_number": 72
      }
    ],
    "src/omnimemory/settings.py": [
      {
        "type": "Basic Auth Credentials",
        "filename": "src/omnimemory/settings.py",
        "hashed_secret": "9d4e1e23bd5b727046a9e3b4b7db57bd8d6ee684",
        "is_verified": false,
        "line_number": 12
      }
    ],
    "tests/conftest.py": [
      {
        "type": "Basic Auth Credentials",
        "filename": "tests/conftest.py",
        "hashed_secret": "5baa61e4c9b93f3f0682250b6cf8331b7ee68fd8",
        "is_verified": false,
        "line_number": 268
      },
      {
        "type": "Basic Auth Credentials",
        "filename": "tests/conftest.py",
        "hashed_secret": "9d4e1e23bd5b727046a9e3b4b7db57bd8d6ee684",
        "is_verified": false,
        "line_number": 353
      }
    ],
    "tests/integration/nodes/test_navigation_history_reducer_integration.py": [
      {
        "type": "Basic Auth Credentials",
        "filename": "tests/integration/nodes/test_navigation_history_reducer_integration.py",
        "hashed_secret": "81f344a7686a80b4c5293e8fdc0b0160c82c06a8",
        "is_verified": false,
        "line_number": 308
      }
    ],
    "tests/scripts/test_check_dep_provenance.py": [
      {
        "type": "Hex High Entropy String",
        "filename": "tests/scripts/test_check_dep_provenance.py",
        "hashed_secret": "3cb25147a9ea6a124aa5198bc003d65fcc1495a3",
        "is_verified": false,
        "line_number": 68
      },
      {
        "type": "Hex High Entropy String",
        "filename": "tests/scripts/test_check_dep_provenance.py",
        "hashed_secret": "add3620e4c7a78144624d14962c8f1b7198ddc44",
        "is_verified": false,
        "line_number": 70
      },
      {
        "type": "Hex High Entropy String",
        "filename": "tests/scripts/test_check_dep_provenance.py",
        "hashed_secret": "15c51deae6c56ed0a3d064bb6038481d86c96bfb",
        "is_verified": false,
        "line_number": 123
      }
    ],
    "tests/test_bootstrap.py": [
      {
        "type": "Basic Auth Credentials",
        "filename": "tests/test_bootstrap.py",
        "hashed_secret": "9d4e1e23bd5b727046a9e3b4b7db57bd8d6ee684",
        "is_verified": false,
        "line_number": 136
      }
    ],
    "tests/test_config_models.py": [
      {
        "type": "Basic Auth Credentials",
        "filename": "tests/test_config_models.py",
        "hashed_secret": "9d4e1e23bd5b727046a9e3b4b7db57bd8d6ee684",
        "is_verified": false,
        "line_number": 132
      },
      {
        "type": "Basic Auth Credentials",
        "filename": "tests/test_config_models.py",
        "hashed_secret": "e84e79fe514e78f10caf22123351833e8d8d7d80",
        "is_verified": false,
        "line_number": 233
      }
    ],
    "tests/test_db_url.py": [
      {
        "type": "Basic Auth Credentials",
        "filename": "tests/test_db_url.py",
        "hashed_secret": "2394a9661a9089208c1c9c65ccac85a91da6a859",
        "is_verified": false,
        "line_number": 25
      },
      {
        "type": "Basic Auth Credentials",
        "filename": "tests/test_db_url.py",
        "hashed_secret": "9d4e1e23bd5b727046a9e3b4b7db57bd8d6ee684",
        "is_verified": false,
        "line_number": 46
      },
      {
        "type": "Basic Auth Credentials",
        "filename": "tests/test_db_url.py",
        "hashed_secret": "782b9a79e728e0d12615365e19c99cc247800336",
        "is_verified": false,
        "line_number": 90
      },
      {
        "type": "Basic Auth Credentials",
        "filename": "tests/test_db_url.py",
        "hashed_secret": "364bdf2ed77a8544d3b711a03b69eeadcc63c9d7",
        "is_verified": false,
        "line_number": 97
      },
      {
        "type": "Basic Auth Credentials",
        "filename": "tests/test_db_url.py",
        "hashed_secret": "db74d56bce6774f527748f7af7db6d9266086685",
        "is_verified": false,
        "line_number": 105
      },
      {
        "type": "Basic Auth Credentials",
        "filename": "tests/test_db_url.py",
        "hashed_secret": "fef341f85d87439e7d91a2d465b9871ef66b5e98",
        "is_verified": false,
        "line_number": 112
      },
      {
        "type": "Basic Auth Credentials",
        "filename": "tests/test_db_url.py",
        "hashed_secret": "745d0b2380e21353d526db47a87158f2065563ee",
        "is_verified": false,
        "line_number": 136
      }
    ],
    "tests/test_performance.py": [
      {
        "type": "Secret Keyword",
        "filename": "tests/test_performance.py",
        "hashed_secret": "665b1e3851eefefa3fb878654292f16597d25155",
        "is_verified": false,
        "line_number": 61
      },
      {
        "type": "Secret Keyword",
        "filename": "tests/test_performance.py",
        "hashed_secret": "6e4cd801621ce24c3604124403bca62a53969fa5",
        "is_verified": false,
        "line_number": 62
      },
      {
        "type": "GitHub Token",
        "filename": "tests/test_performance.py",
        "hashed_secret": "e175c6f5f2a92e8623bd9a4820edb4e8c1b0fd10",
        "is_verified": false,
        "line_number": 482
      }
    ],
    "tests/test_settings.py": [
      {
        "type": "Basic Auth Credentials",
        "filename": "tests/test_settings.py",
        "hashed_secret": "9d4e1e23bd5b727046a9e3b4b7db57bd8d6ee684",
        "is_verified": false,
        "line_number": 110
      },
      {
        "type": "Basic Auth Credentials",
        "filename": "tests/test_settings.py",
        "hashed_secret": "745d0b2380e21353d526db47a87158f2065563ee",
        "is_verified": false,
        "line_number": 325
      }
    ],
    "tests/test_validation_scripts.py": [
      {
        "type": "Base64 High Entropy String",
        "filename": "tests/test_validation_scripts.py",
        "hashed_secret": "48cbefb36880934b2caaf8c73c7d473fb57389d6",
        "is_verified": false,
        "line_number": 91
      },
      {
        "type": "Secret Keyword",
        "filename": "tests/test_validation_scripts.py",
        "hashed_secret": "48cbefb36880934b2caaf8c73c7d473fb57389d6",
        "is_verified": false,
        "line_number": 91
      },
      {
        "type": "Secret Keyword",
        "filename": "tests/test_validation_scripts.py",
        "hashed_secret": "a761ce3a45d97e41840a788495e85a70d1bb3815",
        "is_verified": false,
        "line_number": 102
      },
      {
        "type": "Secret Keyword",
        "filename": "tests/test_validation_scripts.py",
        "hashed_secret": "943888ca70acae2c8c66152772dd90798d5637ed",
        "is_verified": false,
        "line_number": 113
      },
      {
        "type": "JSON Web Token",
        "filename": "tests/test_validation_scripts.py",
        "hashed_secret": "985925e62ce3494a4e73f20676f1506ef64380f0",
        "is_verified": false,
        "line_number": 135
      },
      {
        "type": "Secret Keyword",
        "filename": "tests/test_validation_scripts.py",
        "hashed_secret": "11fa7c37d697f30e6aee828b4426a10f83ab2380",
        "is_verified": false,
        "line_number": 236
      },
      {
        "type": "Secret Keyword",
        "filename": "tests/test_validation_scripts.py",
        "hashed_secret": "bcf22dfc6fb76b7366b1f1675baf2332a0e6a7ce",
        "is_verified": false,
        "line_number": 246
      },
      {
        "type": "Secret Keyword",
        "filename": "tests/test_validation_scripts.py",
        "hashed_secret": "54053db99b49b4cc046f7b4854a80de3d6dfae71",
        "is_verified": false,
        "line_number": 256
      },
      {
        "type": "Secret Keyword",
        "filename": "tests/test_validation_scripts.py",
        "hashed_secret": "159920628cb789601a3ef7859918baa2e9ea7d15",
        "is_verified": false,
        "line_number": 1679
      },
      {
        "type": "Secret Keyword",
        "filename": "tests/test_validation_scripts.py",
        "hashed_secret": "6f700cc173cec62aa6e0d18cc87f7224a01e245a",
        "is_verified": false,
        "line_number": 1681
      },
      {
        "type": "Secret Keyword",
        "filename": "tests/test_validation_scripts.py",
        "hashed_secret": "3f372e0fb93bd25cbd40daca246428f81aa7369c",
        "is_verified": false,
        "line_number": 1692
      }
    ],
    "tests/unit/adapters/test_adapter_pii_detector.py": [
      {
        "type": "Hex High Entropy String",
        "filename": "tests/unit/adapters/test_adapter_pii_detector.py",
        "hashed_secret": "cbdb481485f13322b7a5ceef35e6dbcaeebaa199",
        "is_verified": false,
        "line_number": 411
      },
      {
        "type": "Secret Keyword",
        "filename": "tests/unit/adapters/test_adapter_pii_detector.py",
        "hashed_secret": "cbdb481485f13322b7a5ceef35e6dbcaeebaa199",
        "is_verified": false,
        "line_number": 411
      },
      {
        "type": "Hex High Entropy String",
        "filename": "tests/unit/adapters/test_adapter_pii_detector.py",
        "hashed_secret": "10a34637ad661d98ba3344717656fcc76209c2f8",
        "is_verified": false,
        "line_number": 471
      },
      {
        "type": "Hex High Entropy String",
        "filename": "tests/unit/adapters/test_adapter_pii_detector.py",
        "hashed_secret": "244f421f896bdcdd2784dccf4eaf7c8dfd5189b5",
        "is_verified": false,
        "line_number": 473
      }
    ]
  },
  "generated_at": "2026-09-18T07:58:40Z"
}
